[yelinsp24@sjsu workspace]$ ls
cs131
[yelinsp24@sjsu workspace]$ cd cs131/
[yelinsp24@sjsu cs131]$ ls
Worksheet1  Worksheet2

1) Make a directory Assignment1 under your home directory and change it. All your homework for this assignment will be done there.

( Mention the commands used to make the directory )
[yelinsp24@sjsu cs131]$ mkdir Assignment1
[yelinsp24@sjsu cs131]$ ls
Assignment1  Worksheet1  Worksheet2
[yelinsp24@sjsu cs131]$ cd Assignment1/
[yelinsp24@sjsu Assignment1]$ ls
[yelinsp24@sjsu Assignment1]$ 
[yelinsp24@sjsu Assignment1]$ 
[yelinsp24@sjsu Assignment1]$ touch Assignment1.txt
[yelinsp24@sjsu Assignment1]$ ls
Assignment1.txt

2) Echo your current Shell using the global variable and paste the output of the command.  Which commands did you use?

[yelinsp24@sjsu Assignment1]$ echo $SHELL
/bin/bash

2) Echo your home directory path and paste the output of the command.  Which commands did you use?

[yelinsp24@sjsu Assignment1]$ echo $HOME
/mnt/scratch/FA23_CS131_Ashish/yelinsp24

3) What is your UID?  To what group(s) do you belong?  How did you find out (command used)?
UID and groups are listed below:

[yelinsp24@sjsu Assignment1]$ id
uid=1169(yelinsp24) gid=1169(yelinsp24) groups=1169(yelinsp24),77(S77)
[yelinsp24@sjsu Assignment1]$ 
[yelinsp24@sjsu Assignment1]$ 
[yelinsp24@sjsu Assignment1]$ 

4) Create a new directory "myDir" under the Assignment 1 folder. Now remove "write" permission for yourself.(see chmod man page) 

[yelinsp24@sjsu Assignment1]$ mkdir myDir
[yelinsp24@sjsu Assignment1]$ 
[yelinsp24@sjsu Assignment1]$ 
[yelinsp24@sjsu Assignment1]$ 
[yelinsp24@sjsu Assignment1]$ ls
Assignment1.txt  myDir
[yelinsp24@sjsu Assignment1]$ chmod u-w myDir/
[yelinsp24@sjsu Assignment1]$ cd myDir/
[yelinsp24@sjsu myDir]$ ls
[yelinsp24@sjsu myDir]$ pwd
/mnt/scratch/FA23_CS131_Ashish/yelinsp24/workspace/cs131/Assignment1/myDir
[yelinsp24@sjsu myDir]$ ls -l
total 0
[yelinsp24@sjsu myDir]$ touch test.txt
touch: cannot touch 'test.txt': Permission denied

I can ls, ls -l, but I can not crete a file under it.

[yelinsp24@sjsu myDir]$ 
[yelinsp24@sjsu myDir]$ 
[yelinsp24@sjsu myDir]$ 
[yelinsp24@sjsu myDir]$ cd..
-bash: cd..: command not found
[yelinsp24@sjsu myDir]$ cd ..
[yelinsp24@sjsu Assignment1]$ ls
Assignment1.txt  myDir

5) Create a new directory "myDir2" and create a new directory "myDir3" 

[yelinsp24@sjsu Assignment1]$ mkdir myDir2
[yelinsp24@sjsu Assignment1]$ ls
Assignment1.txt  myDir  myDir2
[yelinsp24@sjsu Assignment1]$ mkdir myDir3

6) Inside myDir2, create a file "myFile.txt" (use 'touch' or 'vi' command). Once done, move this file from myDir2 to myDir3 using the mv command.
[yelinsp24@sjsu Assignment1]$ cd myDir2
[yelinsp24@sjsu myDir2]$ touch myFile.txt
[yelinsp24@sjsu myDir2]$ mv myFile.txt ../myDir3
[yelinsp24@sjsu myDir2]$ cd ..
[yelinsp24@sjsu Assignment1]$ ls
Assignment1.txt  myDir  myDir2  myDir3
[yelinsp24@sjsu Assignment1]$ cd myDir
[yelinsp24@sjsu myDir]$ cd myDir3
-bash: cd: myDir3: No such file or directory
[yelinsp24@sjsu myDir]$ cd ..
[yelinsp24@sjsu Assignment1]$ ls
Assignment1.txt  myDir  myDir2  myDir3
[yelinsp24@sjsu Assignment1]$ cd myDir3
[yelinsp24@sjsu myDir3]$ ls
myFile.txt

6) Find the total amount of RAM/Memory in the IBM VM using the 'free' command. Display the amount of memory in mebibytes.

[yelinsp24@sjsu myDir3]$ free -m
              total        used        free      shared  buff/cache   available
Mem:          71367       32945       19055        3579       19366       33384
Swap:          4119           0        4119
[yelinsp24@sjsu myDir3]$ 
[yelinsp24@sjsu myDir3]$ 
[yelinsp24@sjsu myDir3]$ 
[yelinsp24@sjsu myDir3]$ 

9) Identify the operating system version. Which file under /etc/ contains this information?

[yelinsp24@sjsu myDir3]$ cat /etc/os-release
NAME="Red Hat Enterprise Linux"
VERSION="8.6 (Ootpa)"
ID="rhel"
ID_LIKE="fedora"
VERSION_ID="8.6"
PLATFORM_ID="platform:el8"
PRETTY_NAME="Red Hat Enterprise Linux 8.6 (Ootpa)"
ANSI_COLOR="0;31"
CPE_NAME="cpe:/o:redhat:enterprise_linux:8::baseos"
HOME_URL="https://www.redhat.com/"
DOCUMENTATION_URL="https://access.redhat.com/documentation/red_hat_enterprise_linux/8/"
BUG_REPORT_URL="https://bugzilla.redhat.com/"

REDHAT_BUGZILLA_PRODUCT="Red Hat Enterprise Linux 8"
REDHAT_BUGZILLA_PRODUCT_VERSION=8.6
REDHAT_SUPPORT_PRODUCT="Red Hat Enterprise Linux"
REDHAT_SUPPORT_PRODUCT_VERSION="8.6"
[yelinsp24@sjsu myDir3]$ 
[yelinsp24@sjsu myDir3]$ 
[yelinsp24@sjsu myDir3]$ 
[yelinsp24@sjsu myDir3]$ 
[yelinsp24@sjsu myDir3]$ pwd
/mnt/scratch/FA23_CS131_Ashish/yelinsp24/workspace/cs131/Assignment1/myDir3
[yelinsp24@sjsu myDir3]$ cd ..

10) What is the permission (given to all users) for the file containing the OS version information

[yelinsp24@sjsu Assignment1]$ ls -l /etc/os-release 
lrwxrwxrwx. 1 root root 22 Apr  6  2022 /etc/os-release -> ..//usr/lib/os-release
[yelinsp24@sjsu Assignment1]$ 
[yelinsp24@sjsu Assignment1]$ 
[yelinsp24@sjsu Assignment1]$ 
[yelinsp24@sjsu Assignment1]$ 
[yelinsp24@sjsu Assignment1]$ history > cmds.log
[yelinsp24@sjsu Assignment1]$ ls
Assignment1.txt  cmds.log  myDir  myDir2  myDir3
[yelinsp24@sjsu Assignment1]$ nano Assignment1.txt 
[yelinsp24@sjsu Assignment1]$ 
[yelinsp24@sjsu Assignment1]$ 
[yelinsp24@sjsu Assignment1]$ 
[yelinsp24@sjsu Assignment1]$ 
[yelinsp24@sjsu Assignment1]$ 
[yelinsp24@sjsu Assignment1]$ 
[yelinsp24@sjsu Assignment1]$ 
[yelinsp24@sjsu Assignment1]$ ls
Assignment1.txt  cmds.log  myDir  myDir2  myDir3
[yelinsp24@sjsu Assignment1]$ 

